// Jest Snapshot v1, https://goo.gl/fbAQLP

exports[`<Profile /> 정상적으로 렌더링된다 1`] = `
.c0 {
  margin: 1rem 0;
  padding: 1rem;
  border: 0.0625rem solid;
}

@media (max-width:768px) {
  .c0 {
    margin: 0;
    border: none;
  }
}

<div
  class="c0"
>
  <span
    componentname="Button"
  >
    로그아웃
  </span>
</div>
`;
