// Jest Snapshot v1, https://goo.gl/fbAQLP

exports[`<ArtworkView /> 정상적으로 렌더링된다 1`] = `
.c0 {
  display: -webkit-box;
  display: -webkit-flex;
  display: -ms-flexbox;
  display: flex;
  -webkit-flex-direction: column;
  -ms-flex-direction: column;
  flex-direction: column;
  width: 44rem;
  margin: 4rem 0;
  background-color: #FFF;
}

.c1 {
  display: -webkit-box;
  display: -webkit-flex;
  display: -ms-flexbox;
  display: flex;
}

.c2 {
  position: relative;
  width: 10.5rem;
  height: 15rem;
  overflow: hidden;
  border: 0.0625rem solid;
}

.c3 {
  position: absolute;
  width: 100%;
  height: 100%;
  -webkit-filter: blur(0.1875rem);
  filter: blur(0.1875rem);
}

.c4 {
  position: absolute;
  left: 0;
  right: 0;
  bottom: 0;
  padding: 0.5rem;
  display: -webkit-box;
  display: -webkit-flex;
  display: -ms-flexbox;
  display: flex;
  -webkit-flex-direction: column;
  -ms-flex-direction: column;
  flex-direction: column;
  -webkit-box-pack: center;
  -webkit-justify-content: center;
  -ms-flex-pack: center;
  justify-content: center;
  -webkit-align-items: center;
  -webkit-box-align: center;
  -ms-flex-align: center;
  align-items: center;
  background-color: rgba(255,255,255,0.9);
}

.c5 {
  display: -webkit-box;
  display: -webkit-flex;
  display: -ms-flexbox;
  display: flex;
  -webkit-flex-direction: column;
  -ms-flex-direction: column;
  flex-direction: column;
  -webkit-flex: 1;
  -ms-flex: 1;
  flex: 1;
  padding: 0 1rem;
}

<div
  class="c0"
>
  <div
    class="c1"
  >
    <div
      class="c2"
    >
      <img
        class="c3"
        src="https://cdn.namuwikiusercontent.com/s/3f75b87a3b69db1af44479a12315ed58c7e6121c2842cf929209cbf74fa23b7b214a9124e7e494f6ffc8312bdcf231d53278bdf5e7330fb8b23c59ac2ebaf299a3775c6479795372d4b4be0533d58d63?e=1535506665&k=FZxNDPx_iAUdg9ZFqsqXGg"
      />
      <div
        class="c4"
      >
        <span
          componentname="Heading"
        >
          #112047
        </span>
        <span
          componentname="Text"
        >
          by nagatsuki taffee
        </span>
      </div>
    </div>
    <div
      class="c5"
    >
      <span
        componentname="Heading"
      >
        Re: 제로부터 시작하는 이세계 생활
      </span>
      <div
        class=""
      >
        <span
          componentname="Tag"
        />
        <span
          componentname="Tag"
        >
          rebirth
        </span>
        <span
          componentname="Tag"
        >
          loop
        </span>
        <span
          componentname="Tag"
        >
          harem
        </span>
        <span
          componentname="Tag"
        >
          this is a long tag
        </span>
      </div>
      <span
        componentname="IconButton"
      >
        <span
          componentname="Text"
        >
          1293
        </span>
      </span>
    </div>
  </div>
  <span
    componentname="CommentList"
  />
</div>
`;
