// Jest Snapshot v1, https://goo.gl/fbAQLP

exports[`<AuthForm /> 정상적으로 렌더링된다 1`] = `
<StyledTab>
  <TabPage
    name="로그인"
  >
    <SignInForm />
  </TabPage>
  <TabPage
    name="회원가입"
  >
    <SignUpForm />
  </TabPage>
</StyledTab>
`;
