// Jest Snapshot v1, https://goo.gl/fbAQLP

exports[`<Label /> 정상적으로 렌더링된다 1`] = `
.c0 {
  color: #424242;
  font-family: 'Spoqa Han Sans','Sans-serif','Helvetica Neue','Nanum Gothic';
  font-size: 0.75rem;
  font-weight: bold;
}

<label
  class="c0"
  color="gray.90"
  font-size="12"
/>
`;
