// Jest Snapshot v1, https://goo.gl/fbAQLP

exports[`<ArtworkItem /> 정상적으로 렌더링된다 1`] = `
.c0 {
  display: -webkit-box;
  display: -webkit-flex;
  display: -ms-flexbox;
  display: flex;
  -webkit-flex-direction: column;
  -ms-flex-direction: column;
  flex-direction: column;
  padding: 0.75rem;
  padding-bottom: 0.5rem;
  background-color: #FFF;
  border-bottom: 0.0625rem solid #EEEEEE;
}

.c1 {
  display: -webkit-box;
  display: -webkit-flex;
  display: -ms-flexbox;
  display: flex;
}

.c2 {
  -webkit-flex: 1;
  -ms-flex: 1;
  flex: 1;
  height: 6rem;
  overflow: hidden;
}

.c3 {
  height: 3.2rem;
  overflow: scroll;
  margin-top: 0.375rem;
}

.c3::-webkit-scrollbar {
  width: 0;
  height: 0;
}

@media (max-width:767px) {
  .c0 {
    border-bottom: 0.0625rem solid #E0E0E0;
  }
}

<div
  class="c0"
>
  <div
    class="c1"
  >
    <span
      componentname="ArtworkImage"
    />
    <div
      class="c2"
    >
      <span
        componentname="Heading"
      >
        Re: 제로부터 시작하는 이세계 생활
      </span>
      <span
        componentname="Text"
      >
        by nagatsuki taffee
      </span>
      <div
        class="c3"
      >
        <span
          componentname="Tag"
        />
        <span
          componentname="Tag"
        >
          rebirth
        </span>
        <span
          componentname="Tag"
        >
          loop
        </span>
        <span
          componentname="Tag"
        >
          harem
        </span>
        <span
          componentname="Tag"
        >
          this is a long tag
        </span>
      </div>
    </div>
  </div>
  <span
    componentname="ArtworkReactions"
  />
</div>
`;
