// Jest Snapshot v1, https://goo.gl/fbAQLP

exports[`<IconButton /> 정상적으로 렌더링된다 1`] = `
<span
  componentname="Button"
>
  <i
    class="fas fa-user"
  />
</span>
`;
