// Jest Snapshot v1, https://goo.gl/fbAQLP

exports[`<ArtworkImage /> 정상적으로 렌더링된다 1`] = `
.c0 {
  position: absolute;
  width: 100%;
  height: 100%;
  -webkit-filter: blur(0.1rem);
  filter: blur(0.1rem);
}

.c1 {
  position: absolute;
  left: 0;
  right: 0;
  bottom: 0;
  padding: 0.25rem;
  display: -webkit-box;
  display: -webkit-flex;
  display: -ms-flexbox;
  display: flex;
  -webkit-box-pack: center;
  -webkit-justify-content: center;
  -ms-flex-pack: center;
  justify-content: center;
  -webkit-align-items: center;
  -webkit-box-align: center;
  -ms-flex-align: center;
  align-items: center;
}

<span
  componentname="Link"
>
  <img
    class="c0"
    src="https://laftelimage.blob.core.windows.net/items/thumbs/large/395db1d0-ead8-407f-a316-04aee1e668a7.jpg"
  />
  <div
    class="c1"
  >
    <span
      componentname="Text"
    >
      #
    </span>
    <span
      componentname="Text"
    >
      112047
    </span>
  </div>
</span>
`;
