// Jest Snapshot v1, https://goo.gl/fbAQLP

exports[`<SearchBar /> 정상적으로 렌더링된다 1`] = `
<Wrapper>
  <StyledInput
    name="query"
    placeholder="번호, 제목, 작가, 태그로 검색하세요"
  />
  <StyledIconButton
    backgroundColor="white.default"
    color="yellow.default"
    icon="search"
  />
</Wrapper>
`;
