// Jest Snapshot v1, https://goo.gl/fbAQLP

exports[`<AuthPage /> 정상적으로 렌더링된다 1`] = `
<GenericTemplate
  header={
    <Header
      location="/auth"
    />
  }
>
  <Profile />
</GenericTemplate>
`;
