// Jest Snapshot v1, https://goo.gl/fbAQLP

exports[`<ArtworkList /> 3개의 아이템을 그려준다 1`] = `
.c0 {
  margin-top: 1rem;
}

<ArtworkItem
  artwork={
    Object {
      "artist": "nagatsuki taffee",
      "code": 112047,
      "imageUrl": "https://cdn.namuwikiusercontent.com/s/3f75b87a3b69db1af44479a12315ed58c7e6121c2842cf929209cbf74fa23b7b214a9124e7e494f6ffc8312bdcf231d53278bdf5e7330fb8b23c59ac2ebaf299a3775c6479795372d4b4be0533d58d63?e=1535506665&k=FZxNDPx_iAUdg9ZFqsqXGg",
      "tags": Array [
        "rebirth",
        "loop",
        "harem",
        "this is a long tag",
      ],
      "title": "Re: 제로부터 시작하는 이세계 생활",
    }
  }
  className="c0"
/>
`;

exports[`<ArtworkList /> 정상적으로 렌더링된다 1`] = `
<div
  class=""
>
  <span
    componentname="ArtworkItem"
  />
  <span
    componentname="ArtworkItem"
  />
  <span
    componentname="ArtworkItem"
  />
</div>
`;
